Copyright 1986-2022 Xilinx, Inc. All Rights Reserved. Copyright 2022-2024 Advanced Micro Devices, Inc. All Rights Reserved.
---------------------------------------------------------------------------------------------------------------------------------------------
| Tool Version : Vivado v.2024.2 (lin64) Build 5239630 Fri Nov 08 22:34:34 MST 2024
| Date         : Thu Oct  2 17:54:50 2025
| Host         : lkj307-onlyfan-5950 running 64-bit Ubuntu 24.04.1 LTS
| Command      : report_utilization -file ADT_DoubleMbVbPWM_top_utilization_placed.rpt -pb ADT_DoubleMbVbPWM_top_utilization_placed.pb
| Design       : ADT_DoubleMbVbPWM_top
| Device       : xczu9eg-ffvb1156-2-e
| Speed File   : -2
| Design State : Fully Placed
---------------------------------------------------------------------------------------------------------------------------------------------

Utilization Design Information

Table of Contents
-----------------
1. CLB Logic
1.1 Summary of Registers by Type
2. CLB Logic Distribution
3. BLOCKRAM
4. ARITHMETIC
5. I/O
6. CLOCK
7. ADVANCED
8. CONFIGURATION
9. Primitives
10. Black Boxes
11. Instantiated Netlists

1. CLB Logic
------------

+----------------------------+--------+-------+------------+-----------+-------+
|          Site Type         |  Used  | Fixed | Prohibited | Available | Util% |
+----------------------------+--------+-------+------------+-----------+-------+
| CLB LUTs                   |  93223 |     0 |          0 |    274080 | 34.01 |
|   LUT as Logic             |  84659 |     0 |          0 |    274080 | 30.89 |
|   LUT as Memory            |   8564 |     0 |          0 |    144000 |  5.95 |
|     LUT as Distributed RAM |     20 |     0 |            |           |       |
|     LUT as Shift Register  |   8544 |     0 |            |           |       |
| CLB Registers              | 109702 |     0 |          0 |    548160 | 20.01 |
|   Register as Flip Flop    | 109702 |     0 |          0 |    548160 | 20.01 |
|   Register as Latch        |      0 |     0 |          0 |    548160 |  0.00 |
| CARRY8                     |   7130 |     0 |          0 |     34260 | 20.81 |
| F7 Muxes                   |    257 |     0 |          0 |    137040 |  0.19 |
| F8 Muxes                   |      0 |     0 |          0 |     68520 |  0.00 |
| F9 Muxes                   |      0 |     0 |          0 |     34260 |  0.00 |
+----------------------------+--------+-------+------------+-----------+-------+
* Warning! LUT value is adjusted to account for LUT combining.


1.1 Summary of Registers by Type
--------------------------------

+--------+--------------+-------------+--------------+
|  Total | Clock Enable | Synchronous | Asynchronous |
+--------+--------------+-------------+--------------+
| 0      |            _ |           - |            - |
| 0      |            _ |           - |          Set |
| 0      |            _ |           - |        Reset |
| 0      |            _ |         Set |            - |
| 0      |            _ |       Reset |            - |
| 0      |          Yes |           - |            - |
| 81     |          Yes |           - |          Set |
| 206    |          Yes |           - |        Reset |
| 1318   |          Yes |         Set |            - |
| 108097 |          Yes |       Reset |            - |
+--------+--------------+-------------+--------------+


2. CLB Logic Distribution
-------------------------

+--------------------------------------------+--------+-------+------------+-----------+-------+
|                  Site Type                 |  Used  | Fixed | Prohibited | Available | Util% |
+--------------------------------------------+--------+-------+------------+-----------+-------+
| CLB                                        |  15155 |     0 |          0 |     34260 | 44.24 |
|   CLBL                                     |   6944 |     0 |            |           |       |
|   CLBM                                     |   8211 |     0 |            |           |       |
| LUT as Logic                               |  84659 |     0 |          0 |    274080 | 30.89 |
|   using O5 output only                     |     70 |       |            |           |       |
|   using O6 output only                     |  46070 |       |            |           |       |
|   using O5 and O6                          |  38519 |       |            |           |       |
| LUT as Memory                              |   8564 |     0 |          0 |    144000 |  5.95 |
|   LUT as Distributed RAM                   |     20 |     0 |            |           |       |
|     using O5 output only                   |      0 |       |            |           |       |
|     using O6 output only                   |      0 |       |            |           |       |
|     using O5 and O6                        |     20 |       |            |           |       |
|   LUT as Shift Register                    |   8544 |     0 |            |           |       |
|     using O5 output only                   |      2 |       |            |           |       |
|     using O6 output only                   |   7905 |       |            |           |       |
|     using O5 and O6                        |    637 |       |            |           |       |
| CLB Registers                              | 109702 |     0 |          0 |    548160 | 20.01 |
|   Register driven from within the CLB      |  71411 |       |            |           |       |
|   Register driven from outside the CLB     |  38291 |       |            |           |       |
|     LUT in front of the register is unused |  21454 |       |            |           |       |
|     LUT in front of the register is used   |  16837 |       |            |           |       |
| Unique Control Sets                        |    485 |       |          0 |     68520 |  0.71 |
+--------------------------------------------+--------+-------+------------+-----------+-------+
* * Note: Available Control Sets calculated as Slices * 2, Review the Control Sets Report for more information regarding control sets.


3. BLOCKRAM
-----------

+-------------------+------+-------+------------+-----------+-------+
|     Site Type     | Used | Fixed | Prohibited | Available | Util% |
+-------------------+------+-------+------------+-----------+-------+
| Block RAM Tile    |    2 |     0 |          0 |       912 |  0.22 |
|   RAMB36/FIFO*    |    1 |     0 |          0 |       912 |  0.11 |
|     RAMB36E2 only |    1 |       |            |           |       |
|   RAMB18          |    2 |     0 |          0 |      1824 |  0.11 |
|     RAMB18E2 only |    2 |       |            |           |       |
+-------------------+------+-------+------------+-----------+-------+
* Note: Each Block RAM Tile only has one FIFO logic available and therefore can accommodate only one FIFO36E2 or one FIFO18E2. However, if a FIFO18E2 occupies a Block RAM Tile, that tile can still accommodate a RAMB18E2


4. ARITHMETIC
-------------

+----------------+------+-------+------------+-----------+-------+
|    Site Type   | Used | Fixed | Prohibited | Available | Util% |
+----------------+------+-------+------------+-----------+-------+
| DSPs           |  296 |     0 |          0 |      2520 | 11.75 |
|   DSP48E2 only |  296 |       |            |           |       |
+----------------+------+-------+------------+-----------+-------+


5. I/O
------

+------------------+------+-------+------------+-----------+-------+
|     Site Type    | Used | Fixed | Prohibited | Available | Util% |
+------------------+------+-------+------------+-----------+-------+
| Bonded IOB       |    2 |     2 |          0 |       328 |  0.61 |
| HPIOB_M          |    1 |     1 |          0 |        96 |  1.04 |
|   INPUT          |    1 |       |            |           |       |
|   OUTPUT         |    0 |       |            |           |       |
|   BIDIR          |    0 |       |            |           |       |
| HPIOB_S          |    1 |     1 |          0 |        96 |  1.04 |
|   INPUT          |    1 |       |            |           |       |
|   OUTPUT         |    0 |       |            |           |       |
|   BIDIR          |    0 |       |            |           |       |
| HDIOB_M          |    0 |     0 |          0 |        60 |  0.00 |
| HDIOB_S          |    0 |     0 |          0 |        60 |  0.00 |
| HPIOB_SNGL       |    0 |     0 |          0 |        16 |  0.00 |
| HPIOBDIFFINBUF   |    1 |     1 |          0 |        96 |  1.04 |
|   DIFFINBUF      |    1 |     1 |            |           |       |
| HPIOBDIFFOUTBUF  |    0 |     0 |          0 |        96 |  0.00 |
| HDIOBDIFFINBUF   |    0 |     0 |          0 |        60 |  0.00 |
| BITSLICE_CONTROL |    0 |     0 |          0 |        32 |  0.00 |
| BITSLICE_RX_TX   |    0 |     0 |          0 |      1248 |  0.00 |
| BITSLICE_TX      |    0 |     0 |          0 |        32 |  0.00 |
| RIU_OR           |    0 |     0 |          0 |        16 |  0.00 |
+------------------+------+-------+------------+-----------+-------+


6. CLOCK
--------

+------------+------+-------+------------+-----------+-------+
|  Site Type | Used | Fixed | Prohibited | Available | Util% |
+------------+------+-------+------------+-----------+-------+
| BUFGCE     |    4 |     0 |          0 |       116 |  3.45 |
| BUFGCE_DIV |    0 |     0 |          0 |        16 |  0.00 |
| BUFG_GT    |    3 |     0 |          0 |       168 |  1.79 |
| BUFG_PS    |    0 |     0 |          0 |        72 |  0.00 |
| BUFGCTRL*  |    0 |     0 |          0 |        32 |  0.00 |
| PLL        |    0 |     0 |          0 |         8 |  0.00 |
| MMCM       |    1 |     0 |          0 |         4 | 25.00 |
+------------+------+-------+------------+-----------+-------+
* Note: Each used BUFGCTRL counts as two GLOBAL CLOCK BUFFERs. This table does not include global clocking resources, only buffer cell usage. See the Clock Utilization Report (report_clock_utilization) for detailed accounting of global clocking resource availability.


7. ADVANCED
-----------

+-----------------+------+-------+------------+-----------+-------+
|    Site Type    | Used | Fixed | Prohibited | Available | Util% |
+-----------------+------+-------+------------+-----------+-------+
| GTHE4_CHANNEL   |    1 |     1 |          0 |        24 |  4.17 |
| GTHE4_COMMON    |    1 |     0 |          0 |         6 | 16.67 |
| OBUFDS_GTE4     |    0 |     0 |          0 |        12 |  0.00 |
| OBUFDS_GTE4_ADV |    0 |     0 |          0 |        12 |  0.00 |
| PS8             |    0 |     0 |          0 |         1 |  0.00 |
| SYSMONE4        |    0 |     0 |          0 |         1 |  0.00 |
+-----------------+------+-------+------------+-----------+-------+


8. CONFIGURATION
----------------

+-------------+------+-------+------------+-----------+-------+
|  Site Type  | Used | Fixed | Prohibited | Available | Util% |
+-------------+------+-------+------------+-----------+-------+
| BSCANE2     |    1 |     0 |          0 |         4 | 25.00 |
| DNA_PORTE2  |    0 |     0 |          0 |         1 |  0.00 |
| EFUSE_USR   |    0 |     0 |          0 |         1 |  0.00 |
| FRAME_ECCE4 |    0 |     0 |          0 |         1 |  0.00 |
| ICAPE3      |    0 |     0 |          0 |         2 |  0.00 |
| MASTER_JTAG |    0 |     0 |          0 |         1 |  0.00 |
| STARTUPE3   |    0 |     0 |          0 |         1 |  0.00 |
+-------------+------+-------+------------+-----------+-------+


9. Primitives
-------------

+---------------+--------+---------------------+
|    Ref Name   |  Used  | Functional Category |
+---------------+--------+---------------------+
| FDRE          | 108097 |            Register |
| LUT2          |  50631 |                 CLB |
| LUT3          |  26131 |                 CLB |
| LUT5          |  16748 |                 CLB |
| LUT4          |  15716 |                 CLB |
| LUT6          |  12559 |                 CLB |
| SRL16E        |   8871 |                 CLB |
| CARRY8        |   7130 |                 CLB |
| LUT1          |   1393 |                 CLB |
| FDSE          |   1318 |            Register |
| SRLC32E       |    310 |                 CLB |
| DSP48E2       |    296 |          Arithmetic |
| MUXF7         |    257 |                 CLB |
| FDCE          |    206 |            Register |
| FDPE          |     81 |            Register |
| RAMD32        |     36 |                 CLB |
| RAMS32        |      4 |                 CLB |
| BUFGCE        |      4 |               Clock |
| BUFG_GT       |      3 |               Clock |
| RAMB18E2      |      2 |            BLOCKRAM |
| BUFG_GT_SYNC  |      2 |               Clock |
| RAMB36E2      |      1 |            BLOCKRAM |
| MMCME4_ADV    |      1 |               Clock |
| IBUFDS_GTE4   |      1 |                 I/O |
| IBUFCTRL      |      1 |              Others |
| GTHE4_COMMON  |      1 |            Advanced |
| GTHE4_CHANNEL |      1 |            Advanced |
| DIFFINBUF     |      1 |                 I/O |
| BSCANE2       |      1 |       Configuration |
+---------------+--------+---------------------+


10. Black Boxes
---------------

+----------+------+
| Ref Name | Used |
+----------+------+


11. Instantiated Netlists
-------------------------

+------------------------------+------+
|           Ref Name           | Used |
+------------------------------+------+
| ip_path_adder                | 1024 |
| ip_path_restore              |  256 |
| ip_init_loss_addsub          |  128 |
| ip_path_addsub               |    4 |
| ip_vio_expVec                |    2 |
| LP_up4_fir                   |    2 |
| vio_0                        |    1 |
| rcos_a05_up20_fir            |    1 |
| gtwizard_ultrascale_0        |    1 |
| dbg_hub                      |    1 |
| clk_wiz_0                    |    1 |
| async_fifo_free250_to_gth250 |    1 |
| Mb_64QAM_25M_real            |    1 |
| Mb_64QAM_25M_imag            |    1 |
+------------------------------+------+


